// Jest Snapshot v1, https://goo.gl/fbAQLP

exports[`test app render test app 1`] = `
<DocumentFragment>
   
  <div
    class="sc-bkzZxe dcsJkL"
  />
  <div
    class="sc-dQppl ceXveq"
  >
    <img
      class="sc-jrAGrp gJmdWS"
      src="logo2x.png"
    />
    <form
      class="sc-bqyKva efhoDW"
    >
      <h1>
        EXPLORE O UNIVERSO
      </h1>
      <p>
        Mergulhe no domínio deslumbrante de todos os personagens clássicos que você ama - e aqueles que você descobrirá em breve!
      </p>
      <input
        autocomplete="off"
        class="sc-gsTCUz ecbFyq"
        name="searchBar"
        placeholder="Procure por heróis"
        type="text"
        value="heroname"
      />
    </form>
    <div
      class="sc-dlfnbm cXQzlp sc-crrsfI hBrwsU sc-kstrdz jjJtjZ"
    >
      <p>
        Encontrado undefined herói
      </p>
      <div
        class="sc-dlfnbm cXQzlp"
      >
        <div
          class="orderName"
        >
          <img
            alt="hero"
            src="hero.png"
          />
          <p>
            Ordenar por nome - A/Z
          </p>
          <span
            class="sc-hKgILt kAHmuW"
            data-testid="ordered"
          >
            <img
              alt="toggleIco"
              src="ToggleOn.png"
            />
          </span>
        </div>
        <div
          class="favorites"
        >
          <span
            class="sc-hKgILt kAHmuW"
            data-testid="onlyFavorites"
          >
            <img
              alt="toggleIco"
              src="heartEmpty.png"
            />
            <p>
              Somente favoritos
            </p>
          </span>
        </div>
      </div>
    </div>
    <div
      class="sc-fodVxV rFSyE"
    />
    <footer
      class="sc-hBEYos eKPEAS"
    />
  </div>
</DocumentFragment>
`;
